---
source: crates/weaver-e2e/tests/refactor_rust_analyzer_cli_snapshots.rs
expression: transcript
---
Transcript {
    command: "weaver --daemon-socket tcp://<daemon-endpoint> --output json act refactor --refactoring rename --file src/main.rs new_name=renamed_name offset=3",
    status: 0,
    stdout: "{\"files_deleted\":0,\"files_written\":1,\"status\":\"ok\"}",
    stderr: "{\"details\":{\"candidates\":[{\"accepted\":true,\"provider\":\"rust-analyzer\",\"reason\":\"matched_language_and_capability\"},{\"accepted\":false,\"provider\":\"rope\",\"reason\":\"unsupported_language\"}],\"capability\":\"rename-symbol\",\"language\":\"rust\",\"outcome\":\"selected\",\"selected_provider\":\"rust-analyzer\",\"selection_mode\":\"automatic\"},\"status\":\"ok\",\"type\":\"CapabilityResolution\"}",
    requests: [
        Object {
            "arguments": Array [
                String("--refactoring"),
                String("rename"),
                String("--file"),
                String("src/main.rs"),
                String("new_name=renamed_name"),
                String("offset=3"),
            ],
            "command": Object {
                "domain": String("act"),
                "operation": String("refactor"),
            },
        },
    ],
}
