---
source: crates/weaver-e2e/tests/refactor_rust_analyzer_cli_snapshots.rs
expression: transcript
---
Transcript {
    command: "weaver --daemon-socket tcp://<daemon-endpoint> --output json act refactor --provider rope --refactoring rename --file src/main.rs new_name=renamed_name offset=3",
    status: 1,
    stdout: "",
    stderr: "{\"details\":{\"candidates\":[{\"accepted\":false,\"provider\":\"rope\",\"reason\":\"explicit_provider_mismatch\"}],\"capability\":\"rename-symbol\",\"language\":\"rust\",\"outcome\":\"refused\",\"refusal_reason\":\"explicit_provider_mismatch\",\"requested_provider\":\"rope\",\"selection_mode\":\"explicit_provider\"},\"status\":\"ok\",\"type\":\"CapabilityResolution\"}",
    requests: [
        Object {
            "arguments": Array [
                String("--provider"),
                String("rope"),
                String("--refactoring"),
                String("rename"),
                String("--file"),
                String("src/main.rs"),
                String("new_name=renamed_name"),
                String("offset=3"),
            ],
            "command": Object {
                "domain": String("act"),
                "operation": String("refactor"),
            },
        },
    ],
}
