---
source: crates/weaver-cards/src/tests/snapshot_tests.rs
expression: json
---
{
  "card_version": 1,
  "symbol": {
    "symbol_id": "sym_abc123",
    "ref": {
      "uri": "file:///src/main.rs",
      "range": {
        "start": {
          "line": 10,
          "column": 0
        },
        "end": {
          "line": 42,
          "column": 1
        }
      },
      "language": "rust",
      "kind": "function",
      "name": "process_request",
      "container": "handlers"
    }
  },
  "signature": {
    "display": "fn process_request(req: &Request) -> Response",
    "params": [
      {
        "name": "req",
        "type": "&Request"
      }
    ],
    "returns": "Response"
  },
  "doc": {
    "docstring": "Processes an incoming request and returns a response.",
    "summary": "Processes an incoming request and returns a response.",
    "source": "tree_sitter"
  },
  "structure": {
    "locals": [
      {
        "name": "result",
        "kind": "variable",
        "decl_line": 15
      }
    ],
    "branches": [
      {
        "kind": "if",
        "line": 18
      },
      {
        "kind": "match",
        "line": 25
      }
    ]
  },
  "lsp": {
    "hover": "fn process_request(req: &Request) -> Response",
    "type": "Callable[[Request], Response]",
    "deprecated": false,
    "source": "lsp_hover"
  },
  "metrics": {
    "lines": 33,
    "cyclomatic": 5,
    "fan_in": 12,
    "fan_out": 3
  },
  "deps": {
    "calls": [
      "sym_def456",
      "sym_ghi789"
    ],
    "imports": [
      "mod_std_io"
    ],
    "config": [
      "cfg_max_retries"
    ]
  },
  "provenance": {
    "extracted_at": "2026-03-03T12:34:56Z",
    "sources": [
      "tree_sitter",
      "lsp_hover"
    ]
  },
  "etag": "etag_abc123"
}
