---
source: crates/sempai/src/tests/diagnostic_snapshot_tests.rs
expression: redacted_report_json(&report)
---
{
  "diagnostics": [
    {
      "code": "E_SEMPAI_MISSING_POSITIVE_TERM_IN_AND",
      "message": "conjunction (And/patterns) must contain at least one positive match term",
      "notes": [],
      "primary_span": "<redacted-span>"
    }
  ]
}
