---
source: crates/weaver-cli/src/tests/unit/help_output.rs
assertion_line: 92
expression: rendered
---
Starts the daemon and waits for readiness

Usage: start

Options:
  -h, --help
          Print help

Config flags must appear before the command domain or structured subcommand to take effect; for example, `weaver daemon start --log-filter debug` is ignored because `--log-filter` appears after `start`.
